------------------------------------------------------------
TimeQuest Timing Analyzer Summary
------------------------------------------------------------

Type  : Slow 1200mV 85C Model Setup 'clk50mhz'
Slack : -3.598
TNS   : -243.041

Type  : Slow 1200mV 85C Model Setup 'digitalclock:inst|clkBCDcount:inst1|lpm_compare1:inst5|lpm_compare:LPM_COMPARE_component|cmpr_lnk:auto_generated|aeb_output_dffe0a[0]'
Slack : -1.923
TNS   : -7.692

Type  : Slow 1200mV 85C Model Setup 'digitalclock:inst|clkBCDcount:inst1|lpm_compare1:inst3|lpm_compare:LPM_COMPARE_component|cmpr_lnk:auto_generated|aeb_output_dffe0a[0]'
Slack : -1.895
TNS   : -7.580

Type  : Slow 1200mV 85C Model Setup 'digitalclock:inst|digtalclkdivide:inst|lpm_compare2:inst|lpm_compare:LPM_COMPARE_component|cmpr_cal:auto_generated|alb_dffe[0]'
Slack : -1.880
TNS   : -11.280

Type  : Slow 1200mV 85C Model Setup 'stopwatch:inst1|BCD_count:inst1|lpm_compare1:inst1|lpm_compare:LPM_COMPARE_component|cmpr_lnk:auto_generated|aeb_output_dffe0a[0]'
Slack : -1.833
TNS   : -7.332

Type  : Slow 1200mV 85C Model Setup 'digitalclock:inst|clkBCDcount:inst1|inst9'
Slack : -1.796
TNS   : -7.184

Type  : Slow 1200mV 85C Model Setup 'stopwatch:inst1|BCD_count:inst1|lpm_compare1:inst5|lpm_compare:LPM_COMPARE_component|cmpr_lnk:auto_generated|aeb_output_dffe0a[0]'
Slack : -1.779
TNS   : -7.116

Type  : Slow 1200mV 85C Model Setup 'stopwatch:inst1|BCD_count:inst1|lpm_compare1:inst3|lpm_compare:LPM_COMPARE_component|cmpr_lnk:auto_generated|aeb_output_dffe0a[0]'
Slack : -1.777
TNS   : -7.108

Type  : Slow 1200mV 85C Model Setup 'stopwatch:inst1|BCD_count:inst1|inst9'
Slack : -1.776
TNS   : -8.037

Type  : Slow 1200mV 85C Model Setup 'digitalclock:inst|clkBCDcount:inst1|lpm_compare1:inst1|lpm_compare:LPM_COMPARE_component|cmpr_lnk:auto_generated|aeb_output_dffe0a[0]'
Slack : -1.772
TNS   : -7.088

Type  : Slow 1200mV 85C Model Hold 'clk50mhz'
Slack : 0.053
TNS   : 0.000

Type  : Slow 1200mV 85C Model Hold 'stopwatch:inst1|BCD_count:inst1|inst9'
Slack : 0.277
TNS   : 0.000

Type  : Slow 1200mV 85C Model Hold 'digitalclock:inst|digtalclkdivide:inst|lpm_compare2:inst|lpm_compare:LPM_COMPARE_component|cmpr_cal:auto_generated|alb_dffe[0]'
Slack : 0.569
TNS   : 0.000

Type  : Slow 1200mV 85C Model Hold 'stopwatch:inst1|BCD_count:inst1|lpm_compare1:inst3|lpm_compare:LPM_COMPARE_component|cmpr_lnk:auto_generated|aeb_output_dffe0a[0]'
Slack : 0.570
TNS   : 0.000

Type  : Slow 1200mV 85C Model Hold 'digitalclock:inst|clkBCDcount:inst1|lpm_compare1:inst3|lpm_compare:LPM_COMPARE_component|cmpr_lnk:auto_generated|aeb_output_dffe0a[0]'
Slack : 0.573
TNS   : 0.000

Type  : Slow 1200mV 85C Model Hold 'digitalclock:inst|clkBCDcount:inst1|lpm_compare1:inst1|lpm_compare:LPM_COMPARE_component|cmpr_lnk:auto_generated|aeb_output_dffe0a[0]'
Slack : 0.590
TNS   : 0.000

Type  : Slow 1200mV 85C Model Hold 'stopwatch:inst1|BCD_count:inst1|lpm_compare1:inst5|lpm_compare:LPM_COMPARE_component|cmpr_lnk:auto_generated|aeb_output_dffe0a[0]'
Slack : 0.592
TNS   : 0.000

Type  : Slow 1200mV 85C Model Hold 'digitalclock:inst|clkBCDcount:inst1|lpm_compare1:inst5|lpm_compare:LPM_COMPARE_component|cmpr_lnk:auto_generated|aeb_output_dffe0a[0]'
Slack : 0.596
TNS   : 0.000

Type  : Slow 1200mV 85C Model Hold 'digitalclock:inst|clkBCDcount:inst1|inst9'
Slack : 0.607
TNS   : 0.000

Type  : Slow 1200mV 85C Model Hold 'stopwatch:inst1|BCD_count:inst1|lpm_compare1:inst1|lpm_compare:LPM_COMPARE_component|cmpr_lnk:auto_generated|aeb_output_dffe0a[0]'
Slack : 0.621
TNS   : 0.000

Type  : Slow 1200mV 85C Model Recovery 'digitalclock:inst|clkBCDcount:inst1|lpm_compare1:inst3|lpm_compare:LPM_COMPARE_component|cmpr_lnk:auto_generated|aeb_output_dffe0a[0]'
Slack : -1.024
TNS   : -4.096

Type  : Slow 1200mV 85C Model Recovery 'digitalclock:inst|clkBCDcount:inst1|lpm_compare1:inst5|lpm_compare:LPM_COMPARE_component|cmpr_lnk:auto_generated|aeb_output_dffe0a[0]'
Slack : 0.321
TNS   : 0.000

Type  : Slow 1200mV 85C Model Removal 'digitalclock:inst|clkBCDcount:inst1|lpm_compare1:inst5|lpm_compare:LPM_COMPARE_component|cmpr_lnk:auto_generated|aeb_output_dffe0a[0]'
Slack : 0.136
TNS   : 0.000

Type  : Slow 1200mV 85C Model Removal 'digitalclock:inst|clkBCDcount:inst1|lpm_compare1:inst3|lpm_compare:LPM_COMPARE_component|cmpr_lnk:auto_generated|aeb_output_dffe0a[0]'
Slack : 1.351
TNS   : 0.000

Type  : Slow 1200mV 85C Model Minimum Pulse Width 'clk50mhz'
Slack : -3.000
TNS   : -164.000

Type  : Slow 1200mV 85C Model Minimum Pulse Width 'stopwatch:inst1|BCD_count:inst1|inst9'
Slack : -1.000
TNS   : -7.000

Type  : Slow 1200mV 85C Model Minimum Pulse Width 'digitalclock:inst|digtalclkdivide:inst|lpm_compare2:inst|lpm_compare:LPM_COMPARE_component|cmpr_cal:auto_generated|alb_dffe[0]'
Slack : -1.000
TNS   : -6.000

Type  : Slow 1200mV 85C Model Minimum Pulse Width 'digitalclock:inst|clkBCDcount:inst1|inst9'
Slack : -1.000
TNS   : -4.000

Type  : Slow 1200mV 85C Model Minimum Pulse Width 'digitalclock:inst|clkBCDcount:inst1|lpm_compare1:inst1|lpm_compare:LPM_COMPARE_component|cmpr_lnk:auto_generated|aeb_output_dffe0a[0]'
Slack : -1.000
TNS   : -4.000

Type  : Slow 1200mV 85C Model Minimum Pulse Width 'digitalclock:inst|clkBCDcount:inst1|lpm_compare1:inst3|lpm_compare:LPM_COMPARE_component|cmpr_lnk:auto_generated|aeb_output_dffe0a[0]'
Slack : -1.000
TNS   : -4.000

Type  : Slow 1200mV 85C Model Minimum Pulse Width 'digitalclock:inst|clkBCDcount:inst1|lpm_compare1:inst5|lpm_compare:LPM_COMPARE_component|cmpr_lnk:auto_generated|aeb_output_dffe0a[0]'
Slack : -1.000
TNS   : -4.000

Type  : Slow 1200mV 85C Model Minimum Pulse Width 'stopwatch:inst1|BCD_count:inst1|lpm_compare1:inst1|lpm_compare:LPM_COMPARE_component|cmpr_lnk:auto_generated|aeb_output_dffe0a[0]'
Slack : -1.000
TNS   : -4.000

Type  : Slow 1200mV 85C Model Minimum Pulse Width 'stopwatch:inst1|BCD_count:inst1|lpm_compare1:inst3|lpm_compare:LPM_COMPARE_component|cmpr_lnk:auto_generated|aeb_output_dffe0a[0]'
Slack : -1.000
TNS   : -4.000

Type  : Slow 1200mV 85C Model Minimum Pulse Width 'stopwatch:inst1|BCD_count:inst1|lpm_compare1:inst5|lpm_compare:LPM_COMPARE_component|cmpr_lnk:auto_generated|aeb_output_dffe0a[0]'
Slack : -1.000
TNS   : -4.000

Type  : Slow 1200mV 0C Model Setup 'clk50mhz'
Slack : -3.071
TNS   : -195.925

Type  : Slow 1200mV 0C Model Setup 'digitalclock:inst|clkBCDcount:inst1|lpm_compare1:inst5|lpm_compare:LPM_COMPARE_component|cmpr_lnk:auto_generated|aeb_output_dffe0a[0]'
Slack : -1.612
TNS   : -6.448

Type  : Slow 1200mV 0C Model Setup 'digitalclock:inst|clkBCDcount:inst1|lpm_compare1:inst3|lpm_compare:LPM_COMPARE_component|cmpr_lnk:auto_generated|aeb_output_dffe0a[0]'
Slack : -1.587
TNS   : -6.348

Type  : Slow 1200mV 0C Model Setup 'digitalclock:inst|digtalclkdivide:inst|lpm_compare2:inst|lpm_compare:LPM_COMPARE_component|cmpr_cal:auto_generated|alb_dffe[0]'
Slack : -1.565
TNS   : -9.390

Type  : Slow 1200mV 0C Model Setup 'stopwatch:inst1|BCD_count:inst1|lpm_compare1:inst1|lpm_compare:LPM_COMPARE_component|cmpr_lnk:auto_generated|aeb_output_dffe0a[0]'
Slack : -1.527
TNS   : -6.108

Type  : Slow 1200mV 0C Model Setup 'digitalclock:inst|clkBCDcount:inst1|inst9'
Slack : -1.493
TNS   : -5.972

Type  : Slow 1200mV 0C Model Setup 'stopwatch:inst1|BCD_count:inst1|lpm_compare1:inst5|lpm_compare:LPM_COMPARE_component|cmpr_lnk:auto_generated|aeb_output_dffe0a[0]'
Slack : -1.479
TNS   : -5.916

Type  : Slow 1200mV 0C Model Setup 'stopwatch:inst1|BCD_count:inst1|lpm_compare1:inst3|lpm_compare:LPM_COMPARE_component|cmpr_lnk:auto_generated|aeb_output_dffe0a[0]'
Slack : -1.478
TNS   : -5.912

Type  : Slow 1200mV 0C Model Setup 'stopwatch:inst1|BCD_count:inst1|inst9'
Slack : -1.476
TNS   : -6.648

Type  : Slow 1200mV 0C Model Setup 'digitalclock:inst|clkBCDcount:inst1|lpm_compare1:inst1|lpm_compare:LPM_COMPARE_component|cmpr_lnk:auto_generated|aeb_output_dffe0a[0]'
Slack : -1.472
TNS   : -5.888

Type  : Slow 1200mV 0C Model Hold 'clk50mhz'
Slack : 0.035
TNS   : 0.000

Type  : Slow 1200mV 0C Model Hold 'stopwatch:inst1|BCD_count:inst1|inst9'
Slack : 0.243
TNS   : 0.000

Type  : Slow 1200mV 0C Model Hold 'digitalclock:inst|digtalclkdivide:inst|lpm_compare2:inst|lpm_compare:LPM_COMPARE_component|cmpr_cal:auto_generated|alb_dffe[0]'
Slack : 0.510
TNS   : 0.000

Type  : Slow 1200mV 0C Model Hold 'stopwatch:inst1|BCD_count:inst1|lpm_compare1:inst3|lpm_compare:LPM_COMPARE_component|cmpr_lnk:auto_generated|aeb_output_dffe0a[0]'
Slack : 0.512
TNS   : 0.000

Type  : Slow 1200mV 0C Model Hold 'digitalclock:inst|clkBCDcount:inst1|lpm_compare1:inst3|lpm_compare:LPM_COMPARE_component|cmpr_lnk:auto_generated|aeb_output_dffe0a[0]'
Slack : 0.515
TNS   : 0.000

Type  : Slow 1200mV 0C Model Hold 'digitalclock:inst|clkBCDcount:inst1|lpm_compare1:inst1|lpm_compare:LPM_COMPARE_component|cmpr_lnk:auto_generated|aeb_output_dffe0a[0]'
Slack : 0.530
TNS   : 0.000

Type  : Slow 1200mV 0C Model Hold 'stopwatch:inst1|BCD_count:inst1|lpm_compare1:inst5|lpm_compare:LPM_COMPARE_component|cmpr_lnk:auto_generated|aeb_output_dffe0a[0]'
Slack : 0.533
TNS   : 0.000

Type  : Slow 1200mV 0C Model Hold 'digitalclock:inst|clkBCDcount:inst1|lpm_compare1:inst5|lpm_compare:LPM_COMPARE_component|cmpr_lnk:auto_generated|aeb_output_dffe0a[0]'
Slack : 0.536
TNS   : 0.000

Type  : Slow 1200mV 0C Model Hold 'digitalclock:inst|clkBCDcount:inst1|inst9'
Slack : 0.544
TNS   : 0.000

Type  : Slow 1200mV 0C Model Hold 'stopwatch:inst1|BCD_count:inst1|lpm_compare1:inst1|lpm_compare:LPM_COMPARE_component|cmpr_lnk:auto_generated|aeb_output_dffe0a[0]'
Slack : 0.549
TNS   : 0.000

Type  : Slow 1200mV 0C Model Recovery 'digitalclock:inst|clkBCDcount:inst1|lpm_compare1:inst3|lpm_compare:LPM_COMPARE_component|cmpr_lnk:auto_generated|aeb_output_dffe0a[0]'
Slack : -0.883
TNS   : -3.532

Type  : Slow 1200mV 0C Model Recovery 'digitalclock:inst|clkBCDcount:inst1|lpm_compare1:inst5|lpm_compare:LPM_COMPARE_component|cmpr_lnk:auto_generated|aeb_output_dffe0a[0]'
Slack : 0.350
TNS   : 0.000

Type  : Slow 1200mV 0C Model Removal 'digitalclock:inst|clkBCDcount:inst1|lpm_compare1:inst5|lpm_compare:LPM_COMPARE_component|cmpr_lnk:auto_generated|aeb_output_dffe0a[0]'
Slack : 0.169
TNS   : 0.000

Type  : Slow 1200mV 0C Model Removal 'digitalclock:inst|clkBCDcount:inst1|lpm_compare1:inst3|lpm_compare:LPM_COMPARE_component|cmpr_lnk:auto_generated|aeb_output_dffe0a[0]'
Slack : 1.276
TNS   : 0.000

Type  : Slow 1200mV 0C Model Minimum Pulse Width 'clk50mhz'
Slack : -3.000
TNS   : -164.000

Type  : Slow 1200mV 0C Model Minimum Pulse Width 'stopwatch:inst1|BCD_count:inst1|inst9'
Slack : -1.000
TNS   : -7.000

Type  : Slow 1200mV 0C Model Minimum Pulse Width 'digitalclock:inst|digtalclkdivide:inst|lpm_compare2:inst|lpm_compare:LPM_COMPARE_component|cmpr_cal:auto_generated|alb_dffe[0]'
Slack : -1.000
TNS   : -6.000

Type  : Slow 1200mV 0C Model Minimum Pulse Width 'digitalclock:inst|clkBCDcount:inst1|inst9'
Slack : -1.000
TNS   : -4.000

Type  : Slow 1200mV 0C Model Minimum Pulse Width 'digitalclock:inst|clkBCDcount:inst1|lpm_compare1:inst1|lpm_compare:LPM_COMPARE_component|cmpr_lnk:auto_generated|aeb_output_dffe0a[0]'
Slack : -1.000
TNS   : -4.000

Type  : Slow 1200mV 0C Model Minimum Pulse Width 'digitalclock:inst|clkBCDcount:inst1|lpm_compare1:inst3|lpm_compare:LPM_COMPARE_component|cmpr_lnk:auto_generated|aeb_output_dffe0a[0]'
Slack : -1.000
TNS   : -4.000

Type  : Slow 1200mV 0C Model Minimum Pulse Width 'digitalclock:inst|clkBCDcount:inst1|lpm_compare1:inst5|lpm_compare:LPM_COMPARE_component|cmpr_lnk:auto_generated|aeb_output_dffe0a[0]'
Slack : -1.000
TNS   : -4.000

Type  : Slow 1200mV 0C Model Minimum Pulse Width 'stopwatch:inst1|BCD_count:inst1|lpm_compare1:inst1|lpm_compare:LPM_COMPARE_component|cmpr_lnk:auto_generated|aeb_output_dffe0a[0]'
Slack : -1.000
TNS   : -4.000

Type  : Slow 1200mV 0C Model Minimum Pulse Width 'stopwatch:inst1|BCD_count:inst1|lpm_compare1:inst3|lpm_compare:LPM_COMPARE_component|cmpr_lnk:auto_generated|aeb_output_dffe0a[0]'
Slack : -1.000
TNS   : -4.000

Type  : Slow 1200mV 0C Model Minimum Pulse Width 'stopwatch:inst1|BCD_count:inst1|lpm_compare1:inst5|lpm_compare:LPM_COMPARE_component|cmpr_lnk:auto_generated|aeb_output_dffe0a[0]'
Slack : -1.000
TNS   : -4.000

Type  : Fast 1200mV 0C Model Setup 'clk50mhz'
Slack : -1.611
TNS   : -86.557

Type  : Fast 1200mV 0C Model Setup 'digitalclock:inst|clkBCDcount:inst1|lpm_compare1:inst5|lpm_compare:LPM_COMPARE_component|cmpr_lnk:auto_generated|aeb_output_dffe0a[0]'
Slack : -0.613
TNS   : -2.452

Type  : Fast 1200mV 0C Model Setup 'digitalclock:inst|digtalclkdivide:inst|lpm_compare2:inst|lpm_compare:LPM_COMPARE_component|cmpr_cal:auto_generated|alb_dffe[0]'
Slack : -0.596
TNS   : -3.576

Type  : Fast 1200mV 0C Model Setup 'digitalclock:inst|clkBCDcount:inst1|lpm_compare1:inst3|lpm_compare:LPM_COMPARE_component|cmpr_lnk:auto_generated|aeb_output_dffe0a[0]'
Slack : -0.595
TNS   : -2.380

Type  : Fast 1200mV 0C Model Setup 'stopwatch:inst1|BCD_count:inst1|lpm_compare1:inst1|lpm_compare:LPM_COMPARE_component|cmpr_lnk:auto_generated|aeb_output_dffe0a[0]'
Slack : -0.569
TNS   : -2.276

Type  : Fast 1200mV 0C Model Setup 'digitalclock:inst|clkBCDcount:inst1|inst9'
Slack : -0.550
TNS   : -2.200

Type  : Fast 1200mV 0C Model Setup 'stopwatch:inst1|BCD_count:inst1|lpm_compare1:inst5|lpm_compare:LPM_COMPARE_component|cmpr_lnk:auto_generated|aeb_output_dffe0a[0]'
Slack : -0.534
TNS   : -2.136

Type  : Fast 1200mV 0C Model Setup 'stopwatch:inst1|BCD_count:inst1|inst9'
Slack : -0.533
TNS   : -2.202

Type  : Fast 1200mV 0C Model Setup 'stopwatch:inst1|BCD_count:inst1|lpm_compare1:inst3|lpm_compare:LPM_COMPARE_component|cmpr_lnk:auto_generated|aeb_output_dffe0a[0]'
Slack : -0.532
TNS   : -2.128

Type  : Fast 1200mV 0C Model Setup 'digitalclock:inst|clkBCDcount:inst1|lpm_compare1:inst1|lpm_compare:LPM_COMPARE_component|cmpr_lnk:auto_generated|aeb_output_dffe0a[0]'
Slack : -0.529
TNS   : -2.116

Type  : Fast 1200mV 0C Model Hold 'clk50mhz'
Slack : -0.125
TNS   : -0.125

Type  : Fast 1200mV 0C Model Hold 'stopwatch:inst1|BCD_count:inst1|inst9'
Slack : 0.104
TNS   : 0.000

Type  : Fast 1200mV 0C Model Hold 'digitalclock:inst|digtalclkdivide:inst|lpm_compare2:inst|lpm_compare:LPM_COMPARE_component|cmpr_cal:auto_generated|alb_dffe[0]'
Slack : 0.303
TNS   : 0.000

Type  : Fast 1200mV 0C Model Hold 'stopwatch:inst1|BCD_count:inst1|lpm_compare1:inst3|lpm_compare:LPM_COMPARE_component|cmpr_lnk:auto_generated|aeb_output_dffe0a[0]'
Slack : 0.306
TNS   : 0.000

Type  : Fast 1200mV 0C Model Hold 'digitalclock:inst|clkBCDcount:inst1|lpm_compare1:inst3|lpm_compare:LPM_COMPARE_component|cmpr_lnk:auto_generated|aeb_output_dffe0a[0]'
Slack : 0.307
TNS   : 0.000

Type  : Fast 1200mV 0C Model Hold 'digitalclock:inst|clkBCDcount:inst1|lpm_compare1:inst1|lpm_compare:LPM_COMPARE_component|cmpr_lnk:auto_generated|aeb_output_dffe0a[0]'
Slack : 0.317
TNS   : 0.000

Type  : Fast 1200mV 0C Model Hold 'stopwatch:inst1|BCD_count:inst1|lpm_compare1:inst5|lpm_compare:LPM_COMPARE_component|cmpr_lnk:auto_generated|aeb_output_dffe0a[0]'
Slack : 0.317
TNS   : 0.000

Type  : Fast 1200mV 0C Model Hold 'digitalclock:inst|clkBCDcount:inst1|lpm_compare1:inst5|lpm_compare:LPM_COMPARE_component|cmpr_lnk:auto_generated|aeb_output_dffe0a[0]'
Slack : 0.320
TNS   : 0.000

Type  : Fast 1200mV 0C Model Hold 'digitalclock:inst|clkBCDcount:inst1|inst9'
Slack : 0.327
TNS   : 0.000

Type  : Fast 1200mV 0C Model Hold 'stopwatch:inst1|BCD_count:inst1|lpm_compare1:inst1|lpm_compare:LPM_COMPARE_component|cmpr_lnk:auto_generated|aeb_output_dffe0a[0]'
Slack : 0.333
TNS   : 0.000

Type  : Fast 1200mV 0C Model Recovery 'digitalclock:inst|clkBCDcount:inst1|lpm_compare1:inst3|lpm_compare:LPM_COMPARE_component|cmpr_lnk:auto_generated|aeb_output_dffe0a[0]'
Slack : -0.158
TNS   : -0.632

Type  : Fast 1200mV 0C Model Recovery 'digitalclock:inst|clkBCDcount:inst1|lpm_compare1:inst5|lpm_compare:LPM_COMPARE_component|cmpr_lnk:auto_generated|aeb_output_dffe0a[0]'
Slack : 0.586
TNS   : 0.000

Type  : Fast 1200mV 0C Model Removal 'digitalclock:inst|clkBCDcount:inst1|lpm_compare1:inst5|lpm_compare:LPM_COMPARE_component|cmpr_lnk:auto_generated|aeb_output_dffe0a[0]'
Slack : 0.068
TNS   : 0.000

Type  : Fast 1200mV 0C Model Removal 'digitalclock:inst|clkBCDcount:inst1|lpm_compare1:inst3|lpm_compare:LPM_COMPARE_component|cmpr_lnk:auto_generated|aeb_output_dffe0a[0]'
Slack : 0.747
TNS   : 0.000

Type  : Fast 1200mV 0C Model Minimum Pulse Width 'clk50mhz'
Slack : -3.000
TNS   : -173.808

Type  : Fast 1200mV 0C Model Minimum Pulse Width 'stopwatch:inst1|BCD_count:inst1|inst9'
Slack : -1.000
TNS   : -7.000

Type  : Fast 1200mV 0C Model Minimum Pulse Width 'digitalclock:inst|digtalclkdivide:inst|lpm_compare2:inst|lpm_compare:LPM_COMPARE_component|cmpr_cal:auto_generated|alb_dffe[0]'
Slack : -1.000
TNS   : -6.000

Type  : Fast 1200mV 0C Model Minimum Pulse Width 'digitalclock:inst|clkBCDcount:inst1|inst9'
Slack : -1.000
TNS   : -4.000

Type  : Fast 1200mV 0C Model Minimum Pulse Width 'digitalclock:inst|clkBCDcount:inst1|lpm_compare1:inst1|lpm_compare:LPM_COMPARE_component|cmpr_lnk:auto_generated|aeb_output_dffe0a[0]'
Slack : -1.000
TNS   : -4.000

Type  : Fast 1200mV 0C Model Minimum Pulse Width 'digitalclock:inst|clkBCDcount:inst1|lpm_compare1:inst3|lpm_compare:LPM_COMPARE_component|cmpr_lnk:auto_generated|aeb_output_dffe0a[0]'
Slack : -1.000
TNS   : -4.000

Type  : Fast 1200mV 0C Model Minimum Pulse Width 'digitalclock:inst|clkBCDcount:inst1|lpm_compare1:inst5|lpm_compare:LPM_COMPARE_component|cmpr_lnk:auto_generated|aeb_output_dffe0a[0]'
Slack : -1.000
TNS   : -4.000

Type  : Fast 1200mV 0C Model Minimum Pulse Width 'stopwatch:inst1|BCD_count:inst1|lpm_compare1:inst1|lpm_compare:LPM_COMPARE_component|cmpr_lnk:auto_generated|aeb_output_dffe0a[0]'
Slack : -1.000
TNS   : -4.000

Type  : Fast 1200mV 0C Model Minimum Pulse Width 'stopwatch:inst1|BCD_count:inst1|lpm_compare1:inst3|lpm_compare:LPM_COMPARE_component|cmpr_lnk:auto_generated|aeb_output_dffe0a[0]'
Slack : -1.000
TNS   : -4.000

Type  : Fast 1200mV 0C Model Minimum Pulse Width 'stopwatch:inst1|BCD_count:inst1|lpm_compare1:inst5|lpm_compare:LPM_COMPARE_component|cmpr_lnk:auto_generated|aeb_output_dffe0a[0]'
Slack : -1.000
TNS   : -4.000

------------------------------------------------------------
